// Vitest Snapshot v1, https://vitest.dev/guide/snapshot.html

exports[`single-job widget snapshots > image widget — no output yet 1`] = `
"<!DOCTYPE html>
<html><head>
<meta charset="UTF-8" />
<style>
  :root { color-scheme: light dark; }
  * { box-sizing: border-box; }
  body { margin: 0; padding: 16px; font: 14px system-ui, sans-serif; background: transparent; color: inherit; }
  .card { display: flex; flex-direction: column; gap: 12px; }
  .progress { height: 4px; background: rgba(127,127,127,0.2); border-radius: 2px; overflow: hidden; }
  .progress > div { height: 100%; background: linear-gradient(90deg, #5b9dff, #8e6bff); width: 0%; transition: width .3s; }
  .meta { font-size: 12px; opacity: 0.7; display: flex; gap: 8px; flex-wrap: wrap; }
  .meta .badge { background: rgba(127,127,127,0.15); padding: 2px 8px; border-radius: 4px; }
  .preview { width: 100%; border-radius: 8px; overflow: hidden; background: rgba(0,0,0,0.05); }
  .preview img, .preview video, .preview audio { display: block; width: 100%; height: auto; }
  .actions { display: flex; gap: 8px; }
  button { padding: 6px 14px; border: 1px solid currentColor; background: transparent; color: inherit; border-radius: 6px; font-size: 13px; cursor: pointer; }
  button:hover { background: rgba(127,127,127,0.1); }
  .status { font-size: 13px; opacity: 0.85; }
</style>
<script>window.__INIT__ = {"jobId":"j-1","prompt":"test","model":"nano-banana","aspectRatio":"16:9","mediaKind":"image"};</script>
<script>
    (function() {
      'use strict';
      var nextId = 1;
      var pending = new Map();

      function send(method, params) {
        var id = nextId++;
        return new Promise(function(resolve, reject) {
          pending.set(id, { resolve: resolve, reject: reject });
          window.parent.postMessage({ jsonrpc: '2.0', id: id, method: method, params: params }, '*');
          setTimeout(function() {
            if (pending.has(id)) { pending.delete(id); reject(new Error('ui/* timeout')); }
          }, 30000);
        });
      }

      function notify(method, params) {
        window.parent.postMessage({ jsonrpc: '2.0', method: method, params: params }, '*');
      }

      window.addEventListener('message', function(e) {
        var data = e.data;
        if (!data || data.jsonrpc !== '2.0') return;
        if (data.id && pending.has(data.id)) {
          var p = pending.get(data.id);
          pending.delete(data.id);
          if (data.error) p.reject(new Error(data.error.message || 'ui error'));
          else p.resolve(data.result);
          return;
        }
        if (data.method === 'ui/message' && data.params) {
          window.dispatchEvent(new CustomEvent('mcp-ui-message', { detail: data.params }));
        }
        if (data.method === 'notifications/progress' && data.params) {
          window.dispatchEvent(new CustomEvent('mcp-progress', { detail: data.params }));
        }
      });

      window.addEventListener('DOMContentLoaded', function() {
        send('ui/initialize', {
          appInfo: { name: 'nodaro-mcp', version: '1.0.0' },
          appCapabilities: { tools: { listChanged: false }, experimental: {} },
          protocolVersion: '2025-11-21'
        }).catch(function(err) { console.warn('ui/initialize failed:', err); });
      });

      window.NodaroMCP = {
        openLink: function(url) {
          notify('ui/message', {
            role: 'user',
            content: [{ type: 'text', text: 'Open ' + url + ' in a new tab.' }]
          });
        },
        useAsset: function(assetId, kind) {
          notify('ui/message', {
            role: 'user',
            content: [{ type: 'text', text: 'Use the ' + kind + ' with id ' + assetId + ' as a reference. The user clicked the Use button.' }]
          });
        },
        suggestTool: function(toolName, paramsHint) {
          notify('ui/message', {
            role: 'user',
            content: [{ type: 'text', text: 'Run ' + toolName + ' with these parameters: ' + JSON.stringify(paramsHint) }]
          });
        }
      };
    })();
  </script>
</head>
<body>
<div class="card">
  <div class="meta" id="meta"></div>
  <div class="status" id="status"></div>
  <div class="progress" id="progress"><div id="bar"></div></div>
  <div class="preview" id="preview" hidden></div>
  <div class="actions">
    <button id="btn-open">Open in Nodaro</button>
    <button id="btn-rerun">Re-run</button>
  </div>
</div>
<script>
  (function() {
    var INIT = window.__INIT__;
    var metaEl = document.getElementById('meta');
    var statusEl = document.getElementById('status');
    var progEl = document.getElementById('progress');
    var barEl = document.getElementById('bar');
    var previewEl = document.getElementById('preview');

    [INIT.model, INIT.aspectRatio, INIT.resolution, INIT.duration ? INIT.duration + 's' : null].forEach(function(v) {
      if (!v) return;
      var span = document.createElement('span');
      span.className = 'badge';
      span.textContent = String(v);
      metaEl.appendChild(span);
    });

    function showMedia(url) {
      while (previewEl.firstChild) previewEl.removeChild(previewEl.firstChild);
      var media;
      if (INIT.mediaKind === 'video') { media = document.createElement('video'); media.controls = true; }
      else if (INIT.mediaKind === 'audio') { media = document.createElement('audio'); media.controls = true; }
      else if (INIT.mediaKind === 'image') { media = document.createElement('img'); media.setAttribute('alt', ''); }
      else {
        // generic — show text link
        media = document.createElement('a');
        media.setAttribute('href', url);
        media.setAttribute('target', '_blank');
        media.textContent = 'View output';
      }
      media.setAttribute('src', url);
      previewEl.appendChild(media);
      previewEl.hidden = false;
      progEl.hidden = true;
      statusEl.textContent = 'Done';
    }

    if (INIT.outputUrl) {
      showMedia(INIT.outputUrl);
    } else {
      statusEl.textContent = 'Generating…';
    }

    document.getElementById('btn-open').addEventListener('click', function() {
      window.NodaroMCP.openLink('https://app.nodaro.ai/library');
    });
    document.getElementById('btn-rerun').addEventListener('click', function() {
      var toolName = INIT.mediaKind === 'video' ? 'generate_video' : INIT.mediaKind === 'audio' ? 'generate_music' : 'generate_image';
      window.NodaroMCP.suggestTool(toolName, { prompt: INIT.prompt, model: INIT.model });
    });

    window.addEventListener('mcp-progress', function(e) {
      var p = e.detail;
      if (!p || p.progressToken !== INIT.jobId) return;
      barEl.style.width = ((p.progress || 0) * 100).toFixed(1) + '%';
      statusEl.textContent = 'Generating… ' + Math.round((p.progress || 0) * 100) + '%' + (p.message ? ' — ' + p.message : '');
    });

    window.addEventListener('mcp-ui-message', function(e) {
      var msg = e.detail;
      if (!msg.content || !msg.content[0]) return;
      var text = msg.content[0].text || '';
      var url = text.match(/^asset_url:\\s*(https?:\\/\\/[^\\s]+)/);
      if (url) showMedia(url[1]);
    });
  })();
</script>
</body></html>"
`;
